[2023-10-13T12:52:21.923+0530][gc,heap] Heap region size: 1M
[2023-10-13T12:52:21.932+0530][gc     ] Using G1
[2023-10-13T12:52:21.932+0530][gc,heap,coops] Heap address: 0x00000000c0000000, size: 1024 MB, Compressed Oops mode: 32-bit
[2023-10-13T12:52:21.932+0530][gc,cds       ] Mark closed archive regions in map: [0x00000000fff00000, 0x00000000fff6bff8]
[2023-10-13T12:52:21.932+0530][gc,cds       ] Mark open archive regions in map: [0x00000000ffe00000, 0x00000000ffe47ff8]
[2023-10-13T12:52:22.951+0530][gc,start     ] GC(0) Pause Young (Normal) (G1 Evacuation Pause)
[2023-10-13T12:52:22.951+0530][gc,task      ] GC(0) Using 4 workers of 4 for evacuation
[2023-10-13T12:52:22.963+0530][gc,phases    ] GC(0)   Pre Evacuate Collection Set: 0.0ms
[2023-10-13T12:52:22.963+0530][gc,phases    ] GC(0)   Evacuate Collection Set: 10.8ms
[2023-10-13T12:52:22.963+0530][gc,phases    ] GC(0)   Post Evacuate Collection Set: 0.4ms
[2023-10-13T12:52:22.963+0530][gc,phases    ] GC(0)   Other: 0.6ms
[2023-10-13T12:52:22.963+0530][gc,heap      ] GC(0) Eden regions: 51->0(44)
[2023-10-13T12:52:22.963+0530][gc,heap      ] GC(0) Survivor regions: 0->7(7)
[2023-10-13T12:52:22.963+0530][gc,heap      ] GC(0) Old regions: 2->2
[2023-10-13T12:52:22.963+0530][gc,heap      ] GC(0) Humongous regions: 0->0
[2023-10-13T12:52:22.963+0530][gc,metaspace ] GC(0) Metaspace: 14140K(14848K)->14140K(14848K) NonClass: 12404K(12800K)->12404K(12800K) Class: 1736K(2048K)->1736K(2048K)
[2023-10-13T12:52:22.963+0530][gc           ] GC(0) Pause Young (Normal) (G1 Evacuation Pause) 51M->7M(1024M) 11.829ms
[2023-10-13T12:52:22.963+0530][gc,cpu       ] GC(0) User=0.04s Sys=0.00s Real=0.01s
[2023-10-13T12:52:23.476+0530][gc,start     ] GC(1) Pause Young (Concurrent Start) (Metadata GC Threshold)
[2023-10-13T12:52:23.476+0530][gc,task      ] GC(1) Using 4 workers of 4 for evacuation
[2023-10-13T12:52:23.488+0530][gc,phases    ] GC(1)   Pre Evacuate Collection Set: 0.0ms
[2023-10-13T12:52:23.488+0530][gc,phases    ] GC(1)   Evacuate Collection Set: 11.9ms
[2023-10-13T12:52:23.488+0530][gc,phases    ] GC(1)   Post Evacuate Collection Set: 0.4ms
[2023-10-13T12:52:23.488+0530][gc,phases    ] GC(1)   Other: 0.2ms
[2023-10-13T12:52:23.488+0530][gc,heap      ] GC(1) Eden regions: 30->0(49)
[2023-10-13T12:52:23.488+0530][gc,heap      ] GC(1) Survivor regions: 7->2(7)
[2023-10-13T12:52:23.488+0530][gc,heap      ] GC(1) Old regions: 2->9
[2023-10-13T12:52:23.488+0530][gc,heap      ] GC(1) Humongous regions: 0->0
[2023-10-13T12:52:23.488+0530][gc,metaspace ] GC(1) Metaspace: 20524K(21248K)->20524K(21248K) NonClass: 18035K(18432K)->18035K(18432K) Class: 2488K(2816K)->2488K(2816K)
[2023-10-13T12:52:23.488+0530][gc           ] GC(1) Pause Young (Concurrent Start) (Metadata GC Threshold) 37M->8M(1024M) 12.675ms
[2023-10-13T12:52:23.488+0530][gc,cpu       ] GC(1) User=0.04s Sys=0.00s Real=0.01s
[2023-10-13T12:52:23.489+0530][gc           ] GC(2) Concurrent Cycle
[2023-10-13T12:52:23.489+0530][gc,marking   ] GC(2) Concurrent Clear Claimed Marks
[2023-10-13T12:52:23.489+0530][gc,marking   ] GC(2) Concurrent Clear Claimed Marks 0.047ms
[2023-10-13T12:52:23.489+0530][gc,marking   ] GC(2) Concurrent Scan Root Regions
[2023-10-13T12:52:23.490+0530][gc,marking   ] GC(2) Concurrent Scan Root Regions 1.248ms
[2023-10-13T12:52:23.490+0530][gc,marking   ] GC(2) Concurrent Mark (1.570s)
[2023-10-13T12:52:23.490+0530][gc,marking   ] GC(2) Concurrent Mark From Roots
[2023-10-13T12:52:23.490+0530][gc,task      ] GC(2) Using 1 workers of 1 for marking
[2023-10-13T12:52:23.502+0530][gc,marking   ] GC(2) Concurrent Mark From Roots 12.467ms
[2023-10-13T12:52:23.502+0530][gc,marking   ] GC(2) Concurrent Preclean
[2023-10-13T12:52:23.503+0530][gc,marking   ] GC(2) Concurrent Preclean 0.090ms
[2023-10-13T12:52:23.503+0530][gc,marking   ] GC(2) Concurrent Mark (1.570s, 1.582s) 12.610ms
[2023-10-13T12:52:23.503+0530][gc,start     ] GC(2) Pause Remark
[2023-10-13T12:52:23.504+0530][gc,stringtable] GC(2) Cleaned string and symbol table, strings: 5256 processed, 0 removed, symbols: 53040 processed, 45 removed
[2023-10-13T12:52:23.505+0530][gc            ] GC(2) Pause Remark 10M->10M(1024M) 2.057ms
[2023-10-13T12:52:23.505+0530][gc,cpu        ] GC(2) User=0.01s Sys=0.00s Real=0.00s
[2023-10-13T12:52:23.505+0530][gc,marking    ] GC(2) Concurrent Rebuild Remembered Sets
[2023-10-13T12:52:23.511+0530][gc,marking    ] GC(2) Concurrent Rebuild Remembered Sets 5.877ms
[2023-10-13T12:52:23.511+0530][gc,start      ] GC(2) Pause Cleanup
[2023-10-13T12:52:23.511+0530][gc            ] GC(2) Pause Cleanup 10M->10M(1024M) 0.196ms
[2023-10-13T12:52:23.511+0530][gc,cpu        ] GC(2) User=0.00s Sys=0.00s Real=0.00s
[2023-10-13T12:52:23.511+0530][gc,marking    ] GC(2) Concurrent Cleanup for Next Mark
[2023-10-13T12:52:23.520+0530][gc,marking    ] GC(2) Concurrent Cleanup for Next Mark 9.036ms
[2023-10-13T12:52:23.520+0530][gc            ] GC(2) Concurrent Cycle 31.559ms
[2023-10-13T12:52:24.160+0530][gc,start      ] GC(3) Pause Young (Normal) (G1 Evacuation Pause)
[2023-10-13T12:52:24.160+0530][gc,task       ] GC(3) Using 4 workers of 4 for evacuation
[2023-10-13T12:52:24.168+0530][gc,phases     ] GC(3)   Pre Evacuate Collection Set: 0.0ms
[2023-10-13T12:52:24.168+0530][gc,phases     ] GC(3)   Evacuate Collection Set: 7.9ms
[2023-10-13T12:52:24.168+0530][gc,phases     ] GC(3)   Post Evacuate Collection Set: 0.3ms
[2023-10-13T12:52:24.168+0530][gc,phases     ] GC(3)   Other: 0.1ms
[2023-10-13T12:52:24.168+0530][gc,heap       ] GC(3) Eden regions: 49->0(46)
[2023-10-13T12:52:24.168+0530][gc,heap       ] GC(3) Survivor regions: 2->5(7)
[2023-10-13T12:52:24.168+0530][gc,heap       ] GC(3) Old regions: 9->9
[2023-10-13T12:52:24.168+0530][gc,heap       ] GC(3) Humongous regions: 129->129
[2023-10-13T12:52:24.168+0530][gc,metaspace  ] GC(3) Metaspace: 28261K(29440K)->28261K(29440K) NonClass: 24969K(25600K)->24969K(25600K) Class: 3291K(3840K)->3291K(3840K)
[2023-10-13T12:52:24.168+0530][gc            ] GC(3) Pause Young (Normal) (G1 Evacuation Pause) 186M->141M(1024M) 8.478ms
[2023-10-13T12:52:24.168+0530][gc,cpu        ] GC(3) User=0.02s Sys=0.00s Real=0.01s
[2023-10-13T12:52:24.552+0530][gc,start      ] GC(4) Pause Young (Concurrent Start) (Metadata GC Threshold)
[2023-10-13T12:52:24.552+0530][gc,task       ] GC(4) Using 4 workers of 4 for evacuation
[2023-10-13T12:52:24.565+0530][gc,phases     ] GC(4)   Pre Evacuate Collection Set: 0.1ms
[2023-10-13T12:52:24.565+0530][gc,phases     ] GC(4)   Evacuate Collection Set: 11.9ms
[2023-10-13T12:52:24.565+0530][gc,phases     ] GC(4)   Post Evacuate Collection Set: 0.3ms
[2023-10-13T12:52:24.565+0530][gc,phases     ] GC(4)   Other: 0.3ms
[2023-10-13T12:52:24.565+0530][gc,heap       ] GC(4) Eden regions: 33->0(48)
[2023-10-13T12:52:24.565+0530][gc,heap       ] GC(4) Survivor regions: 5->3(7)
[2023-10-13T12:52:24.565+0530][gc,heap       ] GC(4) Old regions: 9->14
[2023-10-13T12:52:24.565+0530][gc,heap       ] GC(4) Humongous regions: 129->129
[2023-10-13T12:52:24.565+0530][gc,metaspace  ] GC(4) Metaspace: 34334K(35840K)->34334K(35840K) NonClass: 30329K(31232K)->30329K(31232K) Class: 4004K(4608K)->4004K(4608K)
[2023-10-13T12:52:24.565+0530][gc            ] GC(4) Pause Young (Concurrent Start) (Metadata GC Threshold) 174M->143M(1024M) 12.670ms
[2023-10-13T12:52:24.565+0530][gc,cpu        ] GC(4) User=0.04s Sys=0.00s Real=0.01s
[2023-10-13T12:52:24.565+0530][gc            ] GC(5) Concurrent Cycle
[2023-10-13T12:52:24.565+0530][gc,marking    ] GC(5) Concurrent Clear Claimed Marks
[2023-10-13T12:52:24.565+0530][gc,marking    ] GC(5) Concurrent Clear Claimed Marks 0.122ms
[2023-10-13T12:52:24.565+0530][gc,marking    ] GC(5) Concurrent Scan Root Regions
[2023-10-13T12:52:24.568+0530][gc,marking    ] GC(5) Concurrent Scan Root Regions 2.825ms
[2023-10-13T12:52:24.568+0530][gc,marking    ] GC(5) Concurrent Mark (2.648s)
[2023-10-13T12:52:24.568+0530][gc,marking    ] GC(5) Concurrent Mark From Roots
[2023-10-13T12:52:24.568+0530][gc,task       ] GC(5) Using 1 workers of 1 for marking
[2023-10-13T12:52:24.594+0530][gc,marking    ] GC(5) Concurrent Mark From Roots 25.843ms
[2023-10-13T12:52:24.594+0530][gc,marking    ] GC(5) Concurrent Preclean
[2023-10-13T12:52:24.594+0530][gc,marking    ] GC(5) Concurrent Preclean 0.140ms
[2023-10-13T12:52:24.594+0530][gc,marking    ] GC(5) Concurrent Mark (2.648s, 2.674s) 26.061ms
[2023-10-13T12:52:24.595+0530][gc,start      ] GC(5) Pause Remark
[2023-10-13T12:52:24.598+0530][gc,stringtable] GC(5) Cleaned string and symbol table, strings: 11022 processed, 11 removed, symbols: 86353 processed, 15 removed
[2023-10-13T12:52:24.598+0530][gc            ] GC(5) Pause Remark 145M->145M(1024M) 3.691ms
[2023-10-13T12:52:24.598+0530][gc,cpu        ] GC(5) User=0.01s Sys=0.00s Real=0.00s
[2023-10-13T12:52:24.598+0530][gc,marking    ] GC(5) Concurrent Rebuild Remembered Sets
[2023-10-13T12:52:24.609+0530][gc,marking    ] GC(5) Concurrent Rebuild Remembered Sets 11.015ms
[2023-10-13T12:52:24.610+0530][gc,start      ] GC(5) Pause Cleanup
[2023-10-13T12:52:24.610+0530][gc            ] GC(5) Pause Cleanup 146M->146M(1024M) 0.202ms
[2023-10-13T12:52:24.610+0530][gc,cpu        ] GC(5) User=0.00s Sys=0.00s Real=0.00s
[2023-10-13T12:52:24.610+0530][gc,marking    ] GC(5) Concurrent Cleanup for Next Mark
[2023-10-13T12:52:24.623+0530][gc,marking    ] GC(5) Concurrent Cleanup for Next Mark 13.523ms
[2023-10-13T12:52:24.623+0530][gc            ] GC(5) Concurrent Cycle 58.409ms
[2023-10-13T14:16:48.330+0530][gc,start      ] GC(6) Pause Young (Normal) (G1 Evacuation Pause)
[2023-10-13T14:16:48.330+0530][gc,task       ] GC(6) Using 4 workers of 4 for evacuation
[2023-10-13T14:16:48.340+0530][gc,phases     ] GC(6)   Pre Evacuate Collection Set: 0.0ms
[2023-10-13T14:16:48.340+0530][gc,phases     ] GC(6)   Evacuate Collection Set: 8.9ms
[2023-10-13T14:16:48.340+0530][gc,phases     ] GC(6)   Post Evacuate Collection Set: 0.4ms
[2023-10-13T14:16:48.340+0530][gc,phases     ] GC(6)   Other: 0.2ms
[2023-10-13T14:16:48.340+0530][gc,heap       ] GC(6) Eden regions: 48->0(48)
[2023-10-13T14:16:48.340+0530][gc,heap       ] GC(6) Survivor regions: 3->3(7)
[2023-10-13T14:16:48.340+0530][gc,heap       ] GC(6) Old regions: 14->14
[2023-10-13T14:16:48.340+0530][gc,heap       ] GC(6) Humongous regions: 129->129
[2023-10-13T14:16:48.340+0530][gc,metaspace  ] GC(6) Metaspace: 37037K(38604K)->37037K(38604K) NonClass: 32664K(33484K)->32664K(33484K) Class: 4373K(5120K)->4373K(5120K)
[2023-10-13T14:16:48.340+0530][gc            ] GC(6) Pause Young (Normal) (G1 Evacuation Pause) 191M->143M(1024M) 9.619ms
[2023-10-13T14:16:48.340+0530][gc,cpu        ] GC(6) User=0.03s Sys=0.00s Real=0.01s
[2023-10-13T15:30:54.061+0530][gc,start      ] GC(7) Pause Young (Normal) (G1 Evacuation Pause)
[2023-10-13T15:30:54.061+0530][gc,task       ] GC(7) Using 4 workers of 4 for evacuation
[2023-10-13T15:30:54.070+0530][gc,phases     ] GC(7)   Pre Evacuate Collection Set: 0.0ms
[2023-10-13T15:30:54.070+0530][gc,phases     ] GC(7)   Evacuate Collection Set: 8.5ms
[2023-10-13T15:30:54.070+0530][gc,phases     ] GC(7)   Post Evacuate Collection Set: 0.6ms
[2023-10-13T15:30:54.070+0530][gc,phases     ] GC(7)   Other: 0.3ms
[2023-10-13T15:30:54.070+0530][gc,heap       ] GC(7) Eden regions: 48->0(47)
[2023-10-13T15:30:54.070+0530][gc,heap       ] GC(7) Survivor regions: 3->4(7)
[2023-10-13T15:30:54.070+0530][gc,heap       ] GC(7) Old regions: 14->14
[2023-10-13T15:30:54.070+0530][gc,heap       ] GC(7) Humongous regions: 129->129
[2023-10-13T15:30:54.070+0530][gc,metaspace  ] GC(7) Metaspace: 40559K(42828K)->40559K(42828K) NonClass: 35411K(36556K)->35411K(36556K) Class: 5148K(6272K)->5148K(6272K)
[2023-10-13T15:30:54.070+0530][gc            ] GC(7) Pause Young (Normal) (G1 Evacuation Pause) 191M->144M(1024M) 9.625ms
[2023-10-13T15:30:54.070+0530][gc,cpu        ] GC(7) User=0.03s Sys=0.00s Real=0.01s
[2023-10-13T15:40:38.022+0530][gc,start      ] GC(8) Pause Young (Normal) (G1 Evacuation Pause)
[2023-10-13T15:40:38.022+0530][gc,task       ] GC(8) Using 4 workers of 4 for evacuation
[2023-10-13T15:40:38.037+0530][gc,phases     ] GC(8)   Pre Evacuate Collection Set: 0.0ms
[2023-10-13T15:40:38.037+0530][gc,phases     ] GC(8)   Evacuate Collection Set: 14.0ms
[2023-10-13T15:40:38.037+0530][gc,phases     ] GC(8)   Post Evacuate Collection Set: 0.9ms
[2023-10-13T15:40:38.037+0530][gc,phases     ] GC(8)   Other: 0.3ms
[2023-10-13T15:40:38.037+0530][gc,heap       ] GC(8) Eden regions: 47->0(44)
[2023-10-13T15:40:38.037+0530][gc,heap       ] GC(8) Survivor regions: 4->7(7)
[2023-10-13T15:40:38.037+0530][gc,heap       ] GC(8) Old regions: 14->14
[2023-10-13T15:40:38.037+0530][gc,heap       ] GC(8) Humongous regions: 129->129
[2023-10-13T15:40:38.037+0530][gc,metaspace  ] GC(8) Metaspace: 44003K(46924K)->44003K(46924K) NonClass: 38386K(39884K)->38386K(39884K) Class: 5617K(7040K)->5617K(7040K)
[2023-10-13T15:40:38.037+0530][gc            ] GC(8) Pause Young (Normal) (G1 Evacuation Pause) 191M->147M(1024M) 15.443ms
[2023-10-13T15:40:38.037+0530][gc,cpu        ] GC(8) User=0.04s Sys=0.00s Real=0.02s
[2023-10-13T15:52:46.196+0530][gc,start      ] GC(9) Pause Young (Normal) (G1 Evacuation Pause)
[2023-10-13T15:52:46.196+0530][gc,task       ] GC(9) Using 4 workers of 4 for evacuation
[2023-10-13T15:52:46.212+0530][gc,phases     ] GC(9)   Pre Evacuate Collection Set: 0.0ms
[2023-10-13T15:52:46.212+0530][gc,phases     ] GC(9)   Evacuate Collection Set: 14.0ms
[2023-10-13T15:52:46.212+0530][gc,phases     ] GC(9)   Post Evacuate Collection Set: 2.2ms
[2023-10-13T15:52:46.212+0530][gc,phases     ] GC(9)   Other: 0.3ms
[2023-10-13T15:52:46.212+0530][gc,heap       ] GC(9) Eden regions: 44->0(47)
[2023-10-13T15:52:46.212+0530][gc,heap       ] GC(9) Survivor regions: 7->4(7)
[2023-10-13T15:52:46.212+0530][gc,heap       ] GC(9) Old regions: 14->17
[2023-10-13T15:52:46.212+0530][gc,heap       ] GC(9) Humongous regions: 129->129
[2023-10-13T15:52:46.213+0530][gc,metaspace  ] GC(9) Metaspace: 44385K(47308K)->44385K(47308K) NonClass: 38684K(40140K)->38684K(40140K) Class: 5701K(7168K)->5701K(7168K)
[2023-10-13T15:52:46.213+0530][gc            ] GC(9) Pause Young (Normal) (G1 Evacuation Pause) 191M->148M(1024M) 16.718ms
[2023-10-13T15:52:46.213+0530][gc,cpu        ] GC(9) User=0.05s Sys=0.01s Real=0.01s
[2023-10-13T16:02:05.580+0530][gc,start      ] GC(10) Pause Young (Normal) (G1 Evacuation Pause)
[2023-10-13T16:02:05.580+0530][gc,task       ] GC(10) Using 4 workers of 4 for evacuation
[2023-10-13T16:02:05.591+0530][gc,phases     ] GC(10)   Pre Evacuate Collection Set: 0.1ms
[2023-10-13T16:02:05.591+0530][gc,phases     ] GC(10)   Evacuate Collection Set: 10.9ms
[2023-10-13T16:02:05.591+0530][gc,phases     ] GC(10)   Post Evacuate Collection Set: 0.6ms
[2023-10-13T16:02:05.591+0530][gc,phases     ] GC(10)   Other: 0.4ms
[2023-10-13T16:02:05.591+0530][gc,heap       ] GC(10) Eden regions: 47->0(46)
[2023-10-13T16:02:05.591+0530][gc,heap       ] GC(10) Survivor regions: 4->5(7)
[2023-10-13T16:02:05.591+0530][gc,heap       ] GC(10) Old regions: 17->17
[2023-10-13T16:02:05.591+0530][gc,heap       ] GC(10) Humongous regions: 129->129
[2023-10-13T16:02:05.592+0530][gc,metaspace  ] GC(10) Metaspace: 44420K(47564K)->44420K(47564K) NonClass: 38719K(40396K)->38719K(40396K) Class: 5701K(7168K)->5701K(7168K)
[2023-10-13T16:02:05.592+0530][gc            ] GC(10) Pause Young (Normal) (G1 Evacuation Pause) 195M->148M(1024M) 12.002ms
[2023-10-13T16:02:05.592+0530][gc,cpu        ] GC(10) User=0.04s Sys=0.00s Real=0.01s
[2023-10-13T16:11:47.469+0530][gc,start      ] GC(11) Pause Young (Normal) (G1 Evacuation Pause)
[2023-10-13T16:11:47.470+0530][gc,task       ] GC(11) Using 4 workers of 4 for evacuation
[2023-10-13T16:11:47.480+0530][gc,phases     ] GC(11)   Pre Evacuate Collection Set: 0.0ms
[2023-10-13T16:11:47.480+0530][gc,phases     ] GC(11)   Evacuate Collection Set: 9.8ms
[2023-10-13T16:11:47.480+0530][gc,phases     ] GC(11)   Post Evacuate Collection Set: 0.5ms
[2023-10-13T16:11:47.480+0530][gc,phases     ] GC(11)   Other: 0.4ms
[2023-10-13T16:11:47.480+0530][gc,heap       ] GC(11) Eden regions: 46->0(48)
[2023-10-13T16:11:47.480+0530][gc,heap       ] GC(11) Survivor regions: 5->3(7)
[2023-10-13T16:11:47.480+0530][gc,heap       ] GC(11) Old regions: 17->19
[2023-10-13T16:11:47.480+0530][gc,heap       ] GC(11) Humongous regions: 129->129
[2023-10-13T16:11:47.480+0530][gc,metaspace  ] GC(11) Metaspace: 44439K(47564K)->44439K(47564K) NonClass: 38738K(40396K)->38738K(40396K) Class: 5701K(7168K)->5701K(7168K)
[2023-10-13T16:11:47.480+0530][gc            ] GC(11) Pause Young (Normal) (G1 Evacuation Pause) 194M->149M(1024M) 10.810ms
[2023-10-13T16:11:47.480+0530][gc,cpu        ] GC(11) User=0.04s Sys=0.00s Real=0.01s
[2023-10-13T16:26:02.600+0530][gc,start      ] GC(12) Pause Young (Normal) (G1 Evacuation Pause)
[2023-10-13T16:26:02.600+0530][gc,task       ] GC(12) Using 4 workers of 4 for evacuation
[2023-10-13T16:26:02.607+0530][gc,phases     ] GC(12)   Pre Evacuate Collection Set: 0.0ms
[2023-10-13T16:26:02.607+0530][gc,phases     ] GC(12)   Evacuate Collection Set: 6.5ms
[2023-10-13T16:26:02.607+0530][gc,phases     ] GC(12)   Post Evacuate Collection Set: 0.6ms
[2023-10-13T16:26:02.607+0530][gc,phases     ] GC(12)   Other: 0.3ms
[2023-10-13T16:26:02.607+0530][gc,heap       ] GC(12) Eden regions: 48->0(49)
[2023-10-13T16:26:02.607+0530][gc,heap       ] GC(12) Survivor regions: 3->3(7)
[2023-10-13T16:26:02.607+0530][gc,heap       ] GC(12) Old regions: 19->19
[2023-10-13T16:26:02.607+0530][gc,heap       ] GC(12) Humongous regions: 129->129
[2023-10-13T16:26:02.607+0530][gc,metaspace  ] GC(12) Metaspace: 44466K(47564K)->44466K(47564K) NonClass: 38765K(40396K)->38765K(40396K) Class: 5701K(7168K)->5701K(7168K)
[2023-10-13T16:26:02.607+0530][gc            ] GC(12) Pause Young (Normal) (G1 Evacuation Pause) 197M->148M(1024M) 7.483ms
[2023-10-13T16:26:02.608+0530][gc,cpu        ] GC(12) User=0.02s Sys=0.00s Real=0.01s
[2023-10-13T16:36:31.635+0530][gc,start      ] GC(13) Pause Young (Normal) (G1 Evacuation Pause)
[2023-10-13T16:36:31.636+0530][gc,task       ] GC(13) Using 4 workers of 4 for evacuation
[2023-10-13T16:36:31.644+0530][gc,phases     ] GC(13)   Pre Evacuate Collection Set: 0.0ms
[2023-10-13T16:36:31.644+0530][gc,phases     ] GC(13)   Evacuate Collection Set: 7.9ms
[2023-10-13T16:36:31.644+0530][gc,phases     ] GC(13)   Post Evacuate Collection Set: 0.5ms
[2023-10-13T16:36:31.644+0530][gc,phases     ] GC(13)   Other: 0.4ms
[2023-10-13T16:36:31.644+0530][gc,heap       ] GC(13) Eden regions: 49->0(53)
[2023-10-13T16:36:31.644+0530][gc,heap       ] GC(13) Survivor regions: 3->4(7)
[2023-10-13T16:36:31.644+0530][gc,heap       ] GC(13) Old regions: 19->19
[2023-10-13T16:36:31.644+0530][gc,heap       ] GC(13) Humongous regions: 129->129
[2023-10-13T16:36:31.644+0530][gc,metaspace  ] GC(13) Metaspace: 44490K(47564K)->44490K(47564K) NonClass: 38789K(40396K)->38789K(40396K) Class: 5701K(7168K)->5701K(7168K)
[2023-10-13T16:36:31.644+0530][gc            ] GC(13) Pause Young (Normal) (G1 Evacuation Pause) 197M->149M(1024M) 8.855ms
[2023-10-13T16:36:31.644+0530][gc,cpu        ] GC(13) User=0.03s Sys=0.00s Real=0.01s
[2023-10-13T16:47:01.039+0530][gc,start      ] GC(14) Pause Young (Normal) (G1 Evacuation Pause)
[2023-10-13T16:47:01.039+0530][gc,task       ] GC(14) Using 4 workers of 4 for evacuation
[2023-10-13T16:47:01.049+0530][gc,phases     ] GC(14)   Pre Evacuate Collection Set: 0.1ms
[2023-10-13T16:47:01.049+0530][gc,phases     ] GC(14)   Evacuate Collection Set: 8.4ms
[2023-10-13T16:47:01.049+0530][gc,phases     ] GC(14)   Post Evacuate Collection Set: 1.0ms
[2023-10-13T16:47:01.049+0530][gc,phases     ] GC(14)   Other: 0.4ms
[2023-10-13T16:47:01.049+0530][gc,heap       ] GC(14) Eden regions: 53->0(76)
[2023-10-13T16:47:01.049+0530][gc,heap       ] GC(14) Survivor regions: 4->4(8)
[2023-10-13T16:47:01.049+0530][gc,heap       ] GC(14) Old regions: 19->19
[2023-10-13T16:47:01.049+0530][gc,heap       ] GC(14) Humongous regions: 129->129
[2023-10-13T16:47:01.049+0530][gc,metaspace  ] GC(14) Metaspace: 44506K(47564K)->44506K(47564K) NonClass: 38805K(40396K)->38805K(40396K) Class: 5701K(7168K)->5701K(7168K)
[2023-10-13T16:47:01.049+0530][gc            ] GC(14) Pause Young (Normal) (G1 Evacuation Pause) 202M->149M(1024M) 9.971ms
[2023-10-13T16:47:01.049+0530][gc,cpu        ] GC(14) User=0.04s Sys=0.00s Real=0.01s
[2023-10-13T17:05:54.932+0530][gc,start      ] GC(15) Pause Young (Normal) (G1 Evacuation Pause)
[2023-10-13T17:05:54.932+0530][gc,task       ] GC(15) Using 4 workers of 4 for evacuation
[2023-10-13T17:05:54.942+0530][gc,phases     ] GC(15)   Pre Evacuate Collection Set: 0.0ms
[2023-10-13T17:05:54.942+0530][gc,phases     ] GC(15)   Evacuate Collection Set: 9.5ms
[2023-10-13T17:05:54.942+0530][gc,phases     ] GC(15)   Post Evacuate Collection Set: 0.7ms
[2023-10-13T17:05:54.942+0530][gc,phases     ] GC(15)   Other: 0.4ms
[2023-10-13T17:05:54.942+0530][gc,heap       ] GC(15) Eden regions: 76->0(78)
[2023-10-13T17:05:54.942+0530][gc,heap       ] GC(15) Survivor regions: 4->5(10)
[2023-10-13T17:05:54.942+0530][gc,heap       ] GC(15) Old regions: 19->19
[2023-10-13T17:05:54.942+0530][gc,heap       ] GC(15) Humongous regions: 129->129
[2023-10-13T17:05:54.942+0530][gc,metaspace  ] GC(15) Metaspace: 44583K(47564K)->44583K(47564K) NonClass: 38877K(40396K)->38877K(40396K) Class: 5706K(7168K)->5706K(7168K)
[2023-10-13T17:05:54.942+0530][gc            ] GC(15) Pause Young (Normal) (G1 Evacuation Pause) 225M->150M(1024M) 10.737ms
[2023-10-13T17:05:54.942+0530][gc,cpu        ] GC(15) User=0.04s Sys=0.00s Real=0.01s
[2023-10-13T17:22:10.581+0530][gc,start      ] GC(16) Pause Young (Normal) (G1 Evacuation Pause)
[2023-10-13T17:22:10.581+0530][gc,task       ] GC(16) Using 4 workers of 4 for evacuation
[2023-10-13T17:22:10.592+0530][gc,phases     ] GC(16)   Pre Evacuate Collection Set: 0.0ms
[2023-10-13T17:22:10.592+0530][gc,phases     ] GC(16)   Evacuate Collection Set: 10.3ms
[2023-10-13T17:22:10.592+0530][gc,phases     ] GC(16)   Post Evacuate Collection Set: 0.6ms
[2023-10-13T17:22:10.592+0530][gc,phases     ] GC(16)   Other: 0.4ms
[2023-10-13T17:22:10.592+0530][gc,heap       ] GC(16) Eden regions: 78->0(121)
[2023-10-13T17:22:10.592+0530][gc,heap       ] GC(16) Survivor regions: 5->4(11)
[2023-10-13T17:22:10.592+0530][gc,heap       ] GC(16) Old regions: 19->19
[2023-10-13T17:22:10.592+0530][gc,heap       ] GC(16) Humongous regions: 129->129
[2023-10-13T17:22:10.592+0530][gc,metaspace  ] GC(16) Metaspace: 44606K(47564K)->44606K(47564K) NonClass: 38899K(40396K)->38899K(40396K) Class: 5706K(7168K)->5706K(7168K)
[2023-10-13T17:22:10.592+0530][gc            ] GC(16) Pause Young (Normal) (G1 Evacuation Pause) 228M->150M(1024M) 11.380ms
[2023-10-13T17:22:10.592+0530][gc,cpu        ] GC(16) User=0.04s Sys=0.00s Real=0.01s
[2023-10-13T17:47:11.870+0530][gc,start      ] GC(17) Pause Young (Normal) (G1 Evacuation Pause)
[2023-10-13T17:47:11.871+0530][gc,task       ] GC(17) Using 4 workers of 4 for evacuation
[2023-10-13T17:47:11.881+0530][gc,phases     ] GC(17)   Pre Evacuate Collection Set: 0.0ms
[2023-10-13T17:47:11.881+0530][gc,phases     ] GC(17)   Evacuate Collection Set: 10.1ms
[2023-10-13T17:47:11.881+0530][gc,phases     ] GC(17)   Post Evacuate Collection Set: 0.5ms
[2023-10-13T17:47:11.882+0530][gc,phases     ] GC(17)   Other: 0.4ms
[2023-10-13T17:47:11.882+0530][gc,heap       ] GC(17) Eden regions: 121->0(122)
[2023-10-13T17:47:11.882+0530][gc,heap       ] GC(17) Survivor regions: 4->4(16)
[2023-10-13T17:47:11.882+0530][gc,heap       ] GC(17) Old regions: 19->19
[2023-10-13T17:47:11.882+0530][gc,heap       ] GC(17) Humongous regions: 129->129
[2023-10-13T17:47:11.882+0530][gc,metaspace  ] GC(17) Metaspace: 44611K(47564K)->44611K(47564K) NonClass: 38905K(40396K)->38905K(40396K) Class: 5706K(7168K)->5706K(7168K)
[2023-10-13T17:47:11.882+0530][gc            ] GC(17) Pause Young (Normal) (G1 Evacuation Pause) 271M->150M(1024M) 11.098ms
[2023-10-13T17:47:11.882+0530][gc,cpu        ] GC(17) User=0.03s Sys=0.00s Real=0.01s
[2023-10-13T18:13:04.742+0530][gc,start      ] GC(18) Pause Young (Normal) (G1 Evacuation Pause)
[2023-10-13T18:13:04.743+0530][gc,task       ] GC(18) Using 4 workers of 4 for evacuation
[2023-10-13T18:13:04.754+0530][gc,phases     ] GC(18)   Pre Evacuate Collection Set: 0.0ms
[2023-10-13T18:13:04.754+0530][gc,phases     ] GC(18)   Evacuate Collection Set: 10.8ms
[2023-10-13T18:13:04.754+0530][gc,phases     ] GC(18)   Post Evacuate Collection Set: 0.4ms
[2023-10-13T18:13:04.754+0530][gc,phases     ] GC(18)   Other: 0.4ms
[2023-10-13T18:13:04.754+0530][gc,heap       ] GC(18) Eden regions: 122->0(123)
[2023-10-13T18:13:04.754+0530][gc,heap       ] GC(18) Survivor regions: 4->5(16)
[2023-10-13T18:13:04.754+0530][gc,heap       ] GC(18) Old regions: 19->19
[2023-10-13T18:13:04.754+0530][gc,heap       ] GC(18) Humongous regions: 129->129
[2023-10-13T18:13:04.754+0530][gc,metaspace  ] GC(18) Metaspace: 44616K(47564K)->44616K(47564K) NonClass: 38910K(40396K)->38910K(40396K) Class: 5706K(7168K)->5706K(7168K)
[2023-10-13T18:13:04.754+0530][gc            ] GC(18) Pause Young (Normal) (G1 Evacuation Pause) 272M->150M(1024M) 11.735ms
[2023-10-13T18:13:04.754+0530][gc,cpu        ] GC(18) User=0.04s Sys=0.00s Real=0.01s
[2023-10-13T18:39:11.039+0530][gc,start      ] GC(19) Pause Young (Normal) (G1 Evacuation Pause)
[2023-10-13T18:39:11.039+0530][gc,task       ] GC(19) Using 4 workers of 4 for evacuation
[2023-10-13T18:39:11.052+0530][gc,phases     ] GC(19)   Pre Evacuate Collection Set: 0.0ms
[2023-10-13T18:39:11.052+0530][gc,phases     ] GC(19)   Evacuate Collection Set: 11.5ms
[2023-10-13T18:39:11.052+0530][gc,phases     ] GC(19)   Post Evacuate Collection Set: 0.7ms
[2023-10-13T18:39:11.052+0530][gc,phases     ] GC(19)   Other: 0.4ms
[2023-10-13T18:39:11.052+0530][gc,heap       ] GC(19) Eden regions: 123->0(128)
[2023-10-13T18:39:11.052+0530][gc,heap       ] GC(19) Survivor regions: 5->5(16)
[2023-10-13T18:39:11.052+0530][gc,heap       ] GC(19) Old regions: 19->19
[2023-10-13T18:39:11.052+0530][gc,heap       ] GC(19) Humongous regions: 129->129
[2023-10-13T18:39:11.052+0530][gc,metaspace  ] GC(19) Metaspace: 44626K(47564K)->44626K(47564K) NonClass: 38920K(40396K)->38920K(40396K) Class: 5706K(7168K)->5706K(7168K)
[2023-10-13T18:39:11.052+0530][gc            ] GC(19) Pause Young (Normal) (G1 Evacuation Pause) 273M->151M(1024M) 12.685ms
[2023-10-13T18:39:11.052+0530][gc,cpu        ] GC(19) User=0.05s Sys=0.00s Real=0.01s
[2023-10-13T18:47:49.334+0530][gc,heap,exit  ] Heap
[2023-10-13T18:47:49.334+0530][gc,heap,exit  ]  garbage-first heap   total 1048576K, used 207909K [0x00000000c0000000, 0x0000000100000000)
[2023-10-13T18:47:49.334+0530][gc,heap,exit  ]   region size 1024K, 59 young (60416K), 5 survivors (5120K)
[2023-10-13T18:47:49.334+0530][gc,heap,exit  ]  Metaspace       used 45358K, capacity 48342K, committed 48588K, reserved 1091584K
[2023-10-13T18:47:49.334+0530][gc,heap,exit  ]   class space    used 5921K, capacity 7378K, committed 7424K, reserved 1048576K
