[2023-10-13T12:51:56.194+0530][gc,heap] Heap region size: 1M
[2023-10-13T12:51:56.201+0530][gc     ] Using G1
[2023-10-13T12:51:56.201+0530][gc,heap,coops] Heap address: 0x00000000e0000000, size: 512 MB, Compressed Oops mode: 32-bit
[2023-10-13T12:51:56.201+0530][gc,cds       ] Mark closed archive regions in map: [0x00000000fff00000, 0x00000000fff6bff8]
[2023-10-13T12:51:56.201+0530][gc,cds       ] Mark open archive regions in map: [0x00000000ffe00000, 0x00000000ffe47ff8]
[2023-10-13T12:51:57.021+0530][gc,start     ] GC(0) Pause Young (Normal) (G1 Evacuation Pause)
[2023-10-13T12:51:57.021+0530][gc,task      ] GC(0) Using 4 workers of 4 for evacuation
[2023-10-13T12:51:57.032+0530][gc,phases    ] GC(0)   Pre Evacuate Collection Set: 0.0ms
[2023-10-13T12:51:57.032+0530][gc,phases    ] GC(0)   Evacuate Collection Set: 10.1ms
[2023-10-13T12:51:57.032+0530][gc,phases    ] GC(0)   Post Evacuate Collection Set: 0.4ms
[2023-10-13T12:51:57.032+0530][gc,phases    ] GC(0)   Other: 0.7ms
[2023-10-13T12:51:57.032+0530][gc,heap      ] GC(0) Eden regions: 25->0(21)
[2023-10-13T12:51:57.032+0530][gc,heap      ] GC(0) Survivor regions: 0->4(4)
[2023-10-13T12:51:57.032+0530][gc,heap      ] GC(0) Old regions: 2->6
[2023-10-13T12:51:57.032+0530][gc,heap      ] GC(0) Humongous regions: 0->0
[2023-10-13T12:51:57.032+0530][gc,metaspace ] GC(0) Metaspace: 7316K(7936K)->7316K(7936K) NonClass: 6489K(6912K)->6489K(6912K) Class: 826K(1024K)->826K(1024K)
[2023-10-13T12:51:57.032+0530][gc           ] GC(0) Pause Young (Normal) (G1 Evacuation Pause) 25M->8M(512M) 11.329ms
[2023-10-13T12:51:57.032+0530][gc,cpu       ] GC(0) User=0.02s Sys=0.01s Real=0.01s
[2023-10-13T15:35:34.554+0530][gc,start     ] GC(1) Pause Young (Normal) (G1 Evacuation Pause)
[2023-10-13T15:35:34.554+0530][gc,task      ] GC(1) Using 4 workers of 4 for evacuation
[2023-10-13T15:35:34.566+0530][gc,phases    ] GC(1)   Pre Evacuate Collection Set: 0.0ms
[2023-10-13T15:35:34.566+0530][gc,phases    ] GC(1)   Evacuate Collection Set: 11.7ms
[2023-10-13T15:35:34.566+0530][gc,phases    ] GC(1)   Post Evacuate Collection Set: 0.3ms
[2023-10-13T15:35:34.566+0530][gc,phases    ] GC(1)   Other: 0.2ms
[2023-10-13T15:35:34.566+0530][gc,heap      ] GC(1) Eden regions: 21->0(24)
[2023-10-13T15:35:34.566+0530][gc,heap      ] GC(1) Survivor regions: 4->1(4)
[2023-10-13T15:35:34.566+0530][gc,heap      ] GC(1) Old regions: 6->10
[2023-10-13T15:35:34.566+0530][gc,heap      ] GC(1) Humongous regions: 0->0
[2023-10-13T15:35:34.566+0530][gc,metaspace ] GC(1) Metaspace: 9390K(9984K)->9390K(9984K) NonClass: 8395K(8704K)->8395K(8704K) Class: 995K(1280K)->995K(1280K)
[2023-10-13T15:35:34.566+0530][gc           ] GC(1) Pause Young (Normal) (G1 Evacuation Pause) 29M->8M(512M) 12.291ms
[2023-10-13T15:35:34.566+0530][gc,cpu       ] GC(1) User=0.05s Sys=0.00s Real=0.01s
[2023-10-13T18:48:27.157+0530][gc,heap,exit ] Heap
[2023-10-13T18:48:27.157+0530][gc,heap,exit ]  garbage-first heap   total 524288K, used 21133K [0x00000000e0000000, 0x0000000100000000)
[2023-10-13T18:48:27.157+0530][gc,heap,exit ]   region size 1024K, 14 young (14336K), 1 survivors (1024K)
[2023-10-13T18:48:27.157+0530][gc,heap,exit ]  Metaspace       used 9442K, capacity 9859K, committed 10240K, reserved 1058816K
[2023-10-13T18:48:27.157+0530][gc,heap,exit ]   class space    used 996K, capacity 1167K, committed 1280K, reserved 1048576K
